----- CLI crash report at 2026-04-30T00:00:32.822Z
Error Trace
FailedToFetchPackageDetails: FailedToFetchPackageDetails
    at fetchPackageDetails (/usr/local/lib/node_modules/@wix/cli-version-manager/src/package-details-reader.ts:54:11)
    at async versionNotifier (/usr/local/lib/node_modules/@wix/cli-version-manager/src/version-notifier.tsx:8:26)
    at async <anonymous> (/usr/local/lib/node_modules/@wix/cli/src/index.tsx:86:26)
caused by: FailedToWriteCache: FailedToWriteCache
    at Object.set (/usr/local/lib/node_modules/@wix/cli-fs-cache/src/index.ts:75:13)
    at async fetchPackageDetails (/usr/local/lib/node_modules/@wix/cli-version-manager/src/package-details-reader.ts:49:7)
    at async versionNotifier (/usr/local/lib/node_modules/@wix/cli-version-manager/src/version-notifier.tsx:8:26)
    at async <anonymous> (/usr/local/lib/node_modules/@wix/cli/src/index.tsx:86:26)
caused by: FailedToWriteJson: FailedToWriteJson
    at writeJson (/usr/local/lib/node_modules/@wix/cli-fs/src/index.ts:30:11)
    at async Object.set (/usr/local/lib/node_modules/@wix/cli-fs-cache/src/index.ts:69:7)
    at async fetchPackageDetails (/usr/local/lib/node_modules/@wix/cli-version-manager/src/package-details-reader.ts:49:7)
    at async versionNotifier (/usr/local/lib/node_modules/@wix/cli-version-manager/src/version-notifier.tsx:8:26)
    at async <anonymous> (/usr/local/lib/node_modules/@wix/cli/src/index.tsx:86:26)
caused by: Error: EACCES: permission denied, open '/usr/local/lib/node_modules/@wix/cli/version.cache.json'
    at async open (node:internal/fs/promises:637:25)
    at async writeFile (node:internal/fs/promises:1239:14)
    at async writeJson (/usr/local/lib/node_modules/@wix/cli-fs/src/index.ts:28:5)
    at async Object.set (/usr/local/lib/node_modules/@wix/cli-fs-cache/src/index.ts:69:7)
    at async fetchPackageDetails (/usr/local/lib/node_modules/@wix/cli-version-manager/src/package-details-reader.ts:49:7)
    at async versionNotifier (/usr/local/lib/node_modules/@wix/cli-version-manager/src/version-notifier.tsx:8:26)
    at async <anonymous> (/usr/local/lib/node_modules/@wix/cli/src/index.tsx:86:26)
Error Info
{}
----- CLI crash report at 2026-04-30T00:01:15.837Z
Error Trace
FailedToFetchPackageDetails: FailedToFetchPackageDetails
    at fetchPackageDetails (/usr/local/lib/node_modules/@wix/cli-version-manager/src/package-details-reader.ts:54:11)
    at async versionNotifier (/usr/local/lib/node_modules/@wix/cli-version-manager/src/version-notifier.tsx:8:26)
    at async <anonymous> (/usr/local/lib/node_modules/@wix/cli/src/index.tsx:86:26)
caused by: FailedToWriteCache: FailedToWriteCache
    at Object.set (/usr/local/lib/node_modules/@wix/cli-fs-cache/src/index.ts:75:13)
    at async fetchPackageDetails (/usr/local/lib/node_modules/@wix/cli-version-manager/src/package-details-reader.ts:49:7)
    at async versionNotifier (/usr/local/lib/node_modules/@wix/cli-version-manager/src/version-notifier.tsx:8:26)
    at async <anonymous> (/usr/local/lib/node_modules/@wix/cli/src/index.tsx:86:26)
caused by: FailedToWriteJson: FailedToWriteJson
    at writeJson (/usr/local/lib/node_modules/@wix/cli-fs/src/index.ts:30:11)
    at async Object.set (/usr/local/lib/node_modules/@wix/cli-fs-cache/src/index.ts:69:7)
    at async fetchPackageDetails (/usr/local/lib/node_modules/@wix/cli-version-manager/src/package-details-reader.ts:49:7)
    at async versionNotifier (/usr/local/lib/node_modules/@wix/cli-version-manager/src/version-notifier.tsx:8:26)
    at async <anonymous> (/usr/local/lib/node_modules/@wix/cli/src/index.tsx:86:26)
caused by: Error: EACCES: permission denied, open '/usr/local/lib/node_modules/@wix/cli/version.cache.json'
    at async open (node:internal/fs/promises:637:25)
    at async writeFile (node:internal/fs/promises:1239:14)
    at async writeJson (/usr/local/lib/node_modules/@wix/cli-fs/src/index.ts:28:5)
    at async Object.set (/usr/local/lib/node_modules/@wix/cli-fs-cache/src/index.ts:69:7)
    at async fetchPackageDetails (/usr/local/lib/node_modules/@wix/cli-version-manager/src/package-details-reader.ts:49:7)
    at async versionNotifier (/usr/local/lib/node_modules/@wix/cli-version-manager/src/version-notifier.tsx:8:26)
    at async <anonymous> (/usr/local/lib/node_modules/@wix/cli/src/index.tsx:86:26)
Error Info
{}
----- CLI crash report at 2026-04-30T00:01:16.302Z
Error Trace
NonInteractiveTerminal: NonInteractiveTerminal
    at ErrorBoundary.componentDidCatch (/usr/local/lib/node_modules/@wix/cli-ui-kit/src/renderer.tsx:30:9)
    at ErrorBoundary.Mf.f.componentDidCatch.c.callback (/usr/local/lib/node_modules/node_modules/react-reconciler/cjs/react-reconciler.production.min.js:104:368)
    at ce (/usr/local/lib/node_modules/node_modules/react-reconciler/cjs/react-reconciler.production.min.js:59:189)
    at hh (/usr/local/lib/node_modules/node_modules/react-reconciler/cjs/react-reconciler.production.min.js:166:422)
    at fh (/usr/local/lib/node_modules/node_modules/react-reconciler/cjs/react-reconciler.production.min.js:165:446)
    at eh (/usr/local/lib/node_modules/node_modules/react-reconciler/cjs/react-reconciler.production.min.js:164:480)
    at ci (/usr/local/lib/node_modules/node_modules/react-reconciler/cjs/react-reconciler.production.min.js:192:84)
    at Xh (/usr/local/lib/node_modules/node_modules/react-reconciler/cjs/react-reconciler.production.min.js:190:396)
    at Mh (/usr/local/lib/node_modules/node_modules/react-reconciler/cjs/react-reconciler.production.min.js:182:439)
    at ad (/usr/local/lib/node_modules/node_modules/react-reconciler/cjs/react-reconciler.production.min.js:41:105)
caused by: Error: Raw mode is not supported on the current process.stdin, which Ink uses as input stream by default.
Read about how to prevent this error on https://github.com/vadimdemedes/ink/#israwmodesupported
    at value (/usr/local/lib/node_modules/node_modules/ink/src/components/App.tsx:146:11)
    at <anonymous> (/usr/local/lib/node_modules/node_modules/ink/src/hooks/use-input.ts:127:3)
    at Og (/usr/local/lib/node_modules/node_modules/react-reconciler/cjs/react-reconciler.production.min.js:151:471)
    at Ph (/usr/local/lib/node_modules/node_modules/react-reconciler/cjs/react-reconciler.production.min.js:195:111)
    at Mh (/usr/local/lib/node_modules/node_modules/react-reconciler/cjs/react-reconciler.production.min.js:182:185)
    at ad (/usr/local/lib/node_modules/node_modules/react-reconciler/cjs/react-reconciler.production.min.js:41:105)
    at ge (/usr/local/lib/node_modules/node_modules/react-reconciler/cjs/react-reconciler.production.min.js:175:185)
    at setCurrentParams (/usr/local/lib/node_modules/node_modules/react-reconciler/cjs/react-reconciler.production.min.js:95:441)
    at executeAsyncOperation2 (/usr/local/lib/node_modules/node_modules/react-async-hook/src/index.ts:258:5)
    at Object.execute (/usr/local/lib/node_modules/node_modules/react-async-hook/src/index.ts:285:48)
Error Info
{}
----- CLI crash report at 2026-04-30T00:02:14.303Z
Error Trace
FailedToFetchPackageDetails: FailedToFetchPackageDetails
    at fetchPackageDetails (/usr/local/lib/node_modules/@wix/cli-version-manager/src/package-details-reader.ts:54:11)
    at async versionNotifier (/usr/local/lib/node_modules/@wix/cli-version-manager/src/version-notifier.tsx:8:26)
    at async <anonymous> (/usr/local/lib/node_modules/@wix/cli/src/index.tsx:86:26)
caused by: FailedToWriteCache: FailedToWriteCache
    at Object.set (/usr/local/lib/node_modules/@wix/cli-fs-cache/src/index.ts:75:13)
    at async fetchPackageDetails (/usr/local/lib/node_modules/@wix/cli-version-manager/src/package-details-reader.ts:49:7)
    at async versionNotifier (/usr/local/lib/node_modules/@wix/cli-version-manager/src/version-notifier.tsx:8:26)
    at async <anonymous> (/usr/local/lib/node_modules/@wix/cli/src/index.tsx:86:26)
caused by: FailedToWriteJson: FailedToWriteJson
    at writeJson (/usr/local/lib/node_modules/@wix/cli-fs/src/index.ts:30:11)
    at async Object.set (/usr/local/lib/node_modules/@wix/cli-fs-cache/src/index.ts:69:7)
    at async fetchPackageDetails (/usr/local/lib/node_modules/@wix/cli-version-manager/src/package-details-reader.ts:49:7)
    at async versionNotifier (/usr/local/lib/node_modules/@wix/cli-version-manager/src/version-notifier.tsx:8:26)
    at async <anonymous> (/usr/local/lib/node_modules/@wix/cli/src/index.tsx:86:26)
caused by: Error: EACCES: permission denied, open '/usr/local/lib/node_modules/@wix/cli/version.cache.json'
    at async open (node:internal/fs/promises:637:25)
    at async writeFile (node:internal/fs/promises:1239:14)
    at async writeJson (/usr/local/lib/node_modules/@wix/cli-fs/src/index.ts:28:5)
    at async Object.set (/usr/local/lib/node_modules/@wix/cli-fs-cache/src/index.ts:69:7)
    at async fetchPackageDetails (/usr/local/lib/node_modules/@wix/cli-version-manager/src/package-details-reader.ts:49:7)
    at async versionNotifier (/usr/local/lib/node_modules/@wix/cli-version-manager/src/version-notifier.tsx:8:26)
    at async <anonymous> (/usr/local/lib/node_modules/@wix/cli/src/index.tsx:86:26)
Error Info
{}
----- CLI crash report at 2026-04-30T00:02:40.006Z
Error Trace
FailedToFetchPackageDetails: FailedToFetchPackageDetails
    at fetchPackageDetails (/usr/local/lib/node_modules/@wix/cli-version-manager/src/package-details-reader.ts:54:11)
    at async versionNotifier (/usr/local/lib/node_modules/@wix/cli-version-manager/src/version-notifier.tsx:8:26)
    at async <anonymous> (/usr/local/lib/node_modules/@wix/cli/src/index.tsx:86:26)
caused by: FailedToWriteCache: FailedToWriteCache
    at Object.set (/usr/local/lib/node_modules/@wix/cli-fs-cache/src/index.ts:75:13)
    at async fetchPackageDetails (/usr/local/lib/node_modules/@wix/cli-version-manager/src/package-details-reader.ts:49:7)
    at async versionNotifier (/usr/local/lib/node_modules/@wix/cli-version-manager/src/version-notifier.tsx:8:26)
    at async <anonymous> (/usr/local/lib/node_modules/@wix/cli/src/index.tsx:86:26)
caused by: FailedToWriteJson: FailedToWriteJson
    at writeJson (/usr/local/lib/node_modules/@wix/cli-fs/src/index.ts:30:11)
    at async Object.set (/usr/local/lib/node_modules/@wix/cli-fs-cache/src/index.ts:69:7)
    at async fetchPackageDetails (/usr/local/lib/node_modules/@wix/cli-version-manager/src/package-details-reader.ts:49:7)
    at async versionNotifier (/usr/local/lib/node_modules/@wix/cli-version-manager/src/version-notifier.tsx:8:26)
    at async <anonymous> (/usr/local/lib/node_modules/@wix/cli/src/index.tsx:86:26)
caused by: Error: EACCES: permission denied, open '/usr/local/lib/node_modules/@wix/cli/version.cache.json'
    at async open (node:internal/fs/promises:637:25)
    at async writeFile (node:internal/fs/promises:1239:14)
    at async writeJson (/usr/local/lib/node_modules/@wix/cli-fs/src/index.ts:28:5)
    at async Object.set (/usr/local/lib/node_modules/@wix/cli-fs-cache/src/index.ts:69:7)
    at async fetchPackageDetails (/usr/local/lib/node_modules/@wix/cli-version-manager/src/package-details-reader.ts:49:7)
    at async versionNotifier (/usr/local/lib/node_modules/@wix/cli-version-manager/src/version-notifier.tsx:8:26)
    at async <anonymous> (/usr/local/lib/node_modules/@wix/cli/src/index.tsx:86:26)
Error Info
{}
